<html>
<body>
<pre>
<h1>µVision Build Log</h1>
<h2>Tool Versions:</h2>
IDE-Version: µVision V5.26.2.0
Copyright (C) 2018 ARM Ltd and ARM Germany GmbH. All rights reserved.
License Information: Nguyen Minh Duc DELL, 1, LIC=JL28T-RNZGH-Z9KG9-4JLC0-4TU5N-FI3AP
 
Tool Versions:
Toolchain:       MDK-ARM Plus  Version: 5.26.2.0
Toolchain Path:  C:\Keil_v5\ARM\ARMCC\Bin
C Compiler:      Armcc.exe V5.06 update 6 (build 750)
Assembler:       Armasm.exe V5.06 update 6 (build 750)
Linker/Locator:  ArmLink.exe V5.06 update 6 (build 750)
Library Manager: ArmAr.exe V5.06 update 6 (build 750)
Hex Converter:   FromElf.exe V5.06 update 6 (build 750)
CPU DLL:         SARMCM3.DLL V5.26.2.0
Dialog DLL:      DCM.DLL V1.17.2.0
Target DLL:      STLink\ST-LINKIII-KEIL_SWO.dll V3.0.5.0
Dialog DLL:      TCM.DLL V1.36.1.0
 
<h2>Project:</h2>
C:\Users\User\Desktop\stm32_LED_MATRIX\STM32F407VET_MATRIX\MDK-ARM\STM32F407VET_MATRIX.uvprojx
Project File Date:  02/27/2020

<h2>Output:</h2>
*** Using Compiler 'V5.06 update 6 (build 750)', folder: 'C:\Keil_v5\ARM\ARMCC\Bin'
Build target 'STM32F407VET_MATRIX'
compiling main.c...
../Inc/tv_ledmatrix.h(30): warning:  #177-D: variable "ktbit"  was declared but never referenced
  	signed short hang,ktbit,cot,pixel,pwm;
../Inc/tv_ledmatrix.h(967): warning:  #1-D: last line of file ends without a newline
  #endif
../Inc/anh0.h(1549): warning:  #1-D: last line of file ends without a newline
  };
../Inc/anh1.h(1549): warning:  #1-D: last line of file ends without a newline
  };
../Inc/anh3.h(1549): warning:  #1-D: last line of file ends without a newline
  };
../Inc/anh4.h(1549): warning:  #1-D: last line of file ends without a newline
  };
../Inc/anh5.h(1548): warning:  #1-D: last line of file ends without a newline
  };
../Inc/anh6.h(1549): warning:  #1-D: last line of file ends without a newline
  };
../Src/main.c: 8 warnings, 0 errors
linking...
Program Size: Code=6036 RO-data=395804 RW-data=28 ZI-data=115836  
FromELF: creating hex file...
"STM32F407VET_MATRIX\STM32F407VET_MATRIX.axf" - 0 Error(s), 8 Warning(s).

<h2>Software Packages used:</h2>

Package Vendor: ARM
                http://www.keil.com/pack/ARM.CMSIS.5.6.0.pack
                ARM.CMSIS.5.6.0
                CMSIS (Cortex Microcontroller Software Interface Standard)
   * Component: CORE Version: 5.3.0

Package Vendor: Keil
                http://www.keil.com/pack/Keil.STM32F4xx_DFP.2.13.0.pack
                Keil.STM32F4xx_DFP.2.13.0
                STMicroelectronics STM32F4 Series Device Support, Drivers and Examples

<h2>Collection of Component include folders:</h2>
  .\RTE\_STM32F407VET_MATRIX
  C:\Keil_v5\ARM\PACK\ARM\CMSIS\5.6.0\CMSIS\Core\Include
  C:\Keil_v5\ARM\PACK\Keil\STM32F4xx_DFP\2.13.0\Drivers\CMSIS\Device\ST\STM32F4xx\Include

<h2>Collection of Component Files used:</h2>

   * Component: ARM::CMSIS:CORE:5.3.0
Build Time Elapsed:  00:00:05
</pre>
</body>
</html>
