<html>
<body>
<pre>
<h1>µVision Build Log</h1>
<h2>Tool Versions:</h2>
IDE-Version: µVision V5.26.2.0
Copyright (C) 2018 ARM Ltd and ARM Germany GmbH. All rights reserved.
License Information: Nguyen Minh Duc DELL, 1, LIC=JL28T-RNZGH-Z9KG9-4JLC0-4TU5N-FI3AP
 
Tool Versions:
Toolchain:       MDK-ARM Plus  Version: 5.26.2.0
Toolchain Path:  C:\Keil_v5\ARM\ARMCC\Bin
C Compiler:      Armcc.exe V5.06 update 6 (build 750)
Assembler:       Armasm.exe V5.06 update 6 (build 750)
Linker/Locator:  ArmLink.exe V5.06 update 6 (build 750)
Library Manager: ArmAr.exe V5.06 update 6 (build 750)
Hex Converter:   FromElf.exe V5.06 update 6 (build 750)
CPU DLL:         SARMCM3.DLL V5.26.2.0
Dialog DLL:      DCM.DLL V1.17.2.0
Target DLL:      STLink\ST-LINKIII-KEIL_SWO.dll V3.0.5.0
Dialog DLL:      TCM.DLL V1.36.1.0
 
<h2>Project:</h2>
C:\Users\User\Desktop\stm32_LED_MATRIX\SP_DA1\MDK-ARM\SP_DA1.uvprojx
Project File Date:  03/01/2020

<h2>Output:</h2>
*** Using Compiler 'V5.06 update 6 (build 750)', folder: 'C:\Keil_v5\ARM\ARMCC\Bin'
Build target 'SP_DA1'
compiling main.c...
../Inc/banana.h(1049): warning:  #1-D: last line of file ends without a newline
  };
../Inc/smartc.h(396): warning:  #1-D: last line of file ends without a newline
  };
../Src/main.c(134): warning:  #188-D: enumerated type mixed with another type
  				HAL_GPIO_WritePin(GPIOB,OE_Pin,1);
../Src/main.c(136): warning:  #188-D: enumerated type mixed with another type
  				HAL_GPIO_WritePin(GPIOB,OE_Pin,0);
../Src/main.c(155): warning:  #186-D: pointless comparison of unsigned integer with zero
  	  if(y<0 || x<0) return;
../Src/main.c(155): warning:  #186-D: pointless comparison of unsigned integer with zero
  	  if(y<0 || x<0) return;
../Src/main.c(160): warning:  #186-D: pointless comparison of unsigned integer with zero
  	  if(y<0 || x<0) return;
../Src/main.c(160): warning:  #186-D: pointless comparison of unsigned integer with zero
  	  if(y<0 || x<0) return;
../Src/main.c(629): warning:  #177-D: variable "sTime"  was declared but never referenced
  	RTC_TimeTypeDef sTime;
../Src/main.c(630): warning:  #177-D: variable "sTime_date"  was declared but never referenced
  	RTC_DateTypeDef sTime_date;
../Src/main.c(749): warning:  #177-D: variable "sTime"  was declared but never referenced
  	RTC_TimeTypeDef sTime;
../Src/main.c: 11 warnings, 0 errors
linking...
Program Size: Code=5956 RO-data=52036 RW-data=108 ZI-data=17492  
FromELF: creating hex file...
"SP_DA1\SP_DA1.axf" - 0 Error(s), 11 Warning(s).

<h2>Software Packages used:</h2>

Package Vendor: ARM
                http://www.keil.com/pack/ARM.CMSIS.5.6.0.pack
                ARM.CMSIS.5.6.0
                CMSIS (Cortex Microcontroller Software Interface Standard)
   * Component: CORE Version: 5.3.0

Package Vendor: Keil
                http://www.keil.com/pack/Keil.STM32F1xx_DFP.2.3.0.pack
                Keil.STM32F1xx_DFP.2.3.0
                STMicroelectronics STM32F1 Series Device Support, Drivers and Examples

<h2>Collection of Component include folders:</h2>
  .\RTE\_SP_DA1
  C:\Keil_v5\ARM\PACK\ARM\CMSIS\5.6.0\CMSIS\Core\Include
  C:\Keil_v5\ARM\PACK\Keil\STM32F1xx_DFP\2.3.0\Device\Include

<h2>Collection of Component Files used:</h2>

   * Component: ARM::CMSIS:CORE:5.3.0
Build Time Elapsed:  00:00:03
</pre>
</body>
</html>
