<html>
<body>
<pre>
<h1>µVision Build Log</h1>
<h2>Tool Versions:</h2>
IDE-Version: µVision V5.26.2.0
Copyright (C) 2018 ARM Ltd and ARM Germany GmbH. All rights reserved.
License Information: Nguyen Minh Duc DELL, 1, LIC=JL28T-RNZGH-Z9KG9-4JLC0-4TU5N-FI3AP
 
Tool Versions:
Toolchain:       MDK-ARM Plus  Version: 5.26.2.0
Toolchain Path:  C:\Keil_v5\ARM\ARMCC\Bin
C Compiler:      Armcc.exe V5.06 update 6 (build 750)
Assembler:       Armasm.exe V5.06 update 6 (build 750)
Linker/Locator:  ArmLink.exe V5.06 update 6 (build 750)
Library Manager: ArmAr.exe V5.06 update 6 (build 750)
Hex Converter:   FromElf.exe V5.06 update 6 (build 750)
CPU DLL:         SARMCM3.DLL V5.26.2.0
Dialog DLL:      DCM.DLL V1.17.2.0
Target DLL:      STLink\ST-LINKIII-KEIL_SWO.dll V3.0.5.0
Dialog DLL:      TCM.DLL V1.36.1.0
 
<h2>Project:</h2>
C:\Users\User\Desktop\stm32_LED_MATRIX\P10_FULL\MDK-ARM\P10_FULL.uvprojx
Project File Date:  04/06/2020

<h2>Output:</h2>
*** Using Compiler 'V5.06 update 6 (build 750)', folder: 'C:\Keil_v5\ARM\ARMCC\Bin'
Build target 'P10_FULL'
compiling main.c...
../Inc/p10_fullmau.h(45): warning:  #177-D: variable "ktbit"  was declared but never referenced
  	unsigned char hang,ktbit,pixel,pwm;
../Inc/p10_fullmau.h(46): warning:  #177-D: variable "cot1"  was declared but never referenced
  	unsigned char cot=0,cot1=0,cot2=0;
../Inc/p10_fullmau.h(46): warning:  #177-D: variable "cot2"  was declared but never referenced
  	unsigned char cot=0,cot1=0,cot2=0;
../Inc/p10_fullmau.h(504): warning:  #68-D: integer conversion resulted in a change of sign
  char check_num[10]={-1,-1,-1,-1,-1,-1,-1,-1,-1,-1};
../Inc/p10_fullmau.h(504): warning:  #68-D: integer conversion resulted in a change of sign
  char check_num[10]={-1,-1,-1,-1,-1,-1,-1,-1,-1,-1};
../Inc/p10_fullmau.h(504): warning:  #68-D: integer conversion resulted in a change of sign
  char check_num[10]={-1,-1,-1,-1,-1,-1,-1,-1,-1,-1};
../Inc/p10_fullmau.h(504): warning:  #68-D: integer conversion resulted in a change of sign
  char check_num[10]={-1,-1,-1,-1,-1,-1,-1,-1,-1,-1};
../Inc/p10_fullmau.h(504): warning:  #68-D: integer conversion resulted in a change of sign
  char check_num[10]={-1,-1,-1,-1,-1,-1,-1,-1,-1,-1};
../Inc/p10_fullmau.h(504): warning:  #68-D: integer conversion resulted in a change of sign
  char check_num[10]={-1,-1,-1,-1,-1,-1,-1,-1,-1,-1};
../Inc/p10_fullmau.h(504): warning:  #68-D: integer conversion resulted in a change of sign
  char check_num[10]={-1,-1,-1,-1,-1,-1,-1,-1,-1,-1};
../Inc/p10_fullmau.h(504): warning:  #68-D: integer conversion resulted in a change of sign
  char check_num[10]={-1,-1,-1,-1,-1,-1,-1,-1,-1,-1};
../Inc/p10_fullmau.h(504): warning:  #68-D: integer conversion resulted in a change of sign
  char check_num[10]={-1,-1,-1,-1,-1,-1,-1,-1,-1,-1};
../Inc/p10_fullmau.h(504): warning:  #68-D: integer conversion resulted in a change of sign
  char check_num[10]={-1,-1,-1,-1,-1,-1,-1,-1,-1,-1};
../Inc/p10_fullmau.h(507): warning:  #177-D: variable "check"  was declared but never referenced
  	char chuc,dv,check=0,dai;
../Inc/p10_fullmau.h(543): warning:  #68-D: integer conversion resulted in a change of sign
  char check_numn=-1;
../Inc/mario.h(263): warning:  #1-D: last line of file ends without a newline
  #endif
../Src/main.c(175): warning:  #9-D: nested comment is not allowed
  	/*	P10_sendRec(0,0,0);
../Src/main.c(189): warning:  #68-D: integer conversion resulted in a change of sign
  			amlich_ht(-2,4);
../Src/main.c: 18 warnings, 0 errors
linking...
Program Size: Code=10216 RO-data=55188 RW-data=52 ZI-data=15572  
FromELF: creating hex file...
"P10_FULL\P10_FULL.axf" - 0 Error(s), 18 Warning(s).

<h2>Software Packages used:</h2>

Package Vendor: ARM
                http://www.keil.com/pack/ARM.CMSIS.5.6.0.pack
                ARM.CMSIS.5.6.0
                CMSIS (Cortex Microcontroller Software Interface Standard)
   * Component: CORE Version: 5.3.0

Package Vendor: Keil
                http://www.keil.com/pack/Keil.STM32F1xx_DFP.2.3.0.pack
                Keil.STM32F1xx_DFP.2.3.0
                STMicroelectronics STM32F1 Series Device Support, Drivers and Examples

<h2>Collection of Component include folders:</h2>
  .\RTE\_P10_FULL
  C:\Keil_v5\ARM\PACK\ARM\CMSIS\5.6.0\CMSIS\Core\Include
  C:\Keil_v5\ARM\PACK\Keil\STM32F1xx_DFP\2.3.0\Device\Include

<h2>Collection of Component Files used:</h2>

   * Component: ARM::CMSIS:CORE:5.3.0
Build Time Elapsed:  00:00:05
</pre>
</body>
</html>
